thaiv@LenovoQ MINGW64 ~/OneDrive/Desktop
$ git clone https://github.com/thaivanhongquan-25174600009-DHKL19A1HN/25174600009_Thai_Van_Hong_Quan_bai_tap.git
fatal: destination path '25174600009_Thai_Van_Hong_Quan_bai_tap' already exists and is not an empty directory.

thaiv@LenovoQ MINGW64 ~/OneDrive/Desktop
$ git clone  https://github.com/thaivanhongquan-25174600009-DHKL19A1HN/25174600009_Thai_Van_Hong_Quan_bai_tap.git
fatal: destination path '25174600009_Thai_Van_Hong_Quan_bai_tap' already exists and is not an empty directory.

thaiv@LenovoQ MINGW64 ~/OneDrive/Desktop
$
thaiv@LenovoQ MINGW64 ~/OneDrive/Documents
$ git clone https://github.com/thaivanhongquan-25174600009-DHKL19A1HN/25174600009_Thai_Van_Hong_Quan_bai_tap.git
Cloning into '25174600009_Thai_Van_Hong_Quan_bai_tap'...
remote: Enumerating objects: 3, done.
remote: Counting objects: 100% (3/3), done.
remote: Compressing objects: 100% (2/2), done.
remote: Total 3 (delta 0), reused 0 (delta 0), pack-reused 0 (from 0)
Receiving objects: 100% (3/3), done.

thaiv@LenovoQ MINGW64 ~/OneDrive/Documents
$
thaiv@LenovoQ MINGW64 ~/OneDrive/Documents/25174600009_Thai_Van_Hong_Quan_bai_tap (main)
$ git status
On branch main
Your branch is up to date with 'origin/main'.

Changes not staged for commit:
  (use "git add <file>..." to update what will be committed)
  (use "git restore <file>..." to discard changes in working directory)
        modified:   README.md

no changes added to commit (use "git add" and/or "git commit -a")

thaiv@LenovoQ MINGW64 ~/OneDrive/Documents/25174600009_Thai_Van_Hong_Quan_bai_tap (main)
$ git add readme.md

thaiv@LenovoQ MINGW64 ~/OneDrive/Documents/25174600009_Thai_Van_Hong_Quan_bai_tap (main)
$ git commit -m "First commit for Bai 2"
Author identity unknown

*** Please tell me who you are.

Run

  git config --global user.email "you@example.com"
  git config --global user.name "Your Name"

to set your account's default identity.
Omit --global to set the identity only in this repository.

fatal: unable to auto-detect email address (got 'thaiv@LenovoQ.(none)')

thaiv@LenovoQ MINGW64 ~/OneDrive/Documents/25174600009_Thai_Van_Hong_Quan_bai_tap (main)
$ git push origin
fatal: User cancelled dialog.
Everything up-to-date

thaiv@LenovoQ MINGW64 ~/OneDrive/Documents/25174600009_Thai_Van_Hong_Quan_bai_tap (main)
$

thaiv@LenovoQ MINGW64 ~/OneDrive/Documents/25174600009_Thai_Van_Hong_Quan_bai_tap (main)
$

thaiv@LenovoQ MINGW64 ~/OneDrive/Documents/25174600009_Thai_Van_Hong_Quan_bai_tap (main)
$

thaiv@LenovoQ MINGW64 ~/OneDrive/Documents/25174600009_Thai_Van_Hong_Quan_bai_tap (main)
$

thaiv@LenovoQ MINGW64 ~/OneDrive/Documents/25174600009_Thai_Van_Hong_Quan_bai_tap (main)
$ git config --global user.email"tvhquan.25174600009@sv.uneti.edu.vn"

thaiv@LenovoQ MINGW64 ~/OneDrive/Documents/25174600009_Thai_Van_Hong_Quan_bai_tap (main)
$ git config --global user.name"25174600009_Thai_Van_Hong_Quan"
error: invalid key: user.name25174600009_Thai_Van_Hong_Quan

thaiv@LenovoQ MINGW64 ~/OneDrive/Documents/25174600009_Thai_Van_Hong_Quan_bai_tap (main)
$ git push origin
Everything up-to-date

thaiv@LenovoQ MINGW64 ~/OneDrive/Documents/25174600009_Thai_Van_Hong_Quan_bai_tap (main)
$ git config --global user.name "25174600009_Thai_Van_Hong_Quan"

thaiv@LenovoQ MINGW64 ~/OneDrive/Documents/25174600009_Thai_Van_Hong_Quan_bai_tap (main)
$ git add .

thaiv@LenovoQ MINGW64 ~/OneDrive/Documents/25174600009_Thai_Van_Hong_Quan_bai_tap (main)
$ git commit -m "Commit sau khi da sua loi cau hinh user.name"
Author identity unknown

*** Please tell me who you are.

Run

  git config --global user.email "you@example.com"
  git config --global user.name "Your Name"

to set your account's default identity.
Omit --global to set the identity only in this repository.

fatal: unable to auto-detect email address (got 'thaiv@LenovoQ.(none)')

thaiv@LenovoQ MINGW64 ~/OneDrive/Documents/25174600009_Thai_Van_Hong_Quan_bai_tap (main)
$ git push origin
Everything up-to-date

thaiv@LenovoQ MINGW64 ~/OneDrive/Documents/25174600009_Thai_Van_Hong_Quan_bai_tap (main)
$ # Cấu hình Email: Đảm bảo chạy lệnh này một lần nữa
git config --global user.email "tvhquan.25174600009@sv.uneti.edu.vn"

thaiv@LenovoQ MINGW64 ~/OneDrive/Documents/25174600009_Thai_Van_Hong_Quan_bai_tap (main)
$ # Cấu hình Tên: Bạn đã chạy thành công, nhưng chạy lại để chắc chắn
git config --global user.name "25174600009_Thai_Van_Hong_Quan"

thaiv@LenovoQ MINGW64 ~/OneDrive/Documents/25174600009_Thai_Van_Hong_Quan_bai_tap (main)
$ git commit -m "Hoan thanh commit sau khi sua loi cau hinh"
[main de2a20a] Hoan thanh commit sau khi sua loi cau hinh
 1 file changed, 2 insertions(+), 2 deletions(-)

thaiv@LenovoQ MINGW64 ~/OneDrive/Documents/25174600009_Thai_Van_Hong_Quan_bai_tap (main)
$ git push origin
Enumerating objects: 5, done.
Counting objects: 100% (5/5), done.
Delta compression using up to 8 threads
Compressing objects: 100% (2/2), done.
Writing objects: 100% (3/3), 662 bytes | 331.00 KiB/s, done.
Total 3 (delta 0), reused 0 (delta 0), pack-reused 0 (from 0)
To https://github.com/thaivanhongquan-25174600009-DHKL19A1HN/25174600009_Thai_Van_Hong_Quan_bai_tap.git
   d9a9b26..de2a20a  main -> main

thaiv@LenovoQ MINGW64 ~/OneDrive/Documents/25174600009_Thai_Van_Hong_Quan_bai_tap (main)
$
thaiv@LenovoQ MINGW64 ~/OneDrive/Documents/25174600009_Thai_Van_Hong_Quan_bai_tap (main)
$ git checkout main
Already on 'main'
Your branch is up to date with 'origin/main'.

thaiv@LenovoQ MINGW64 ~/OneDrive/Documents/25174600009_Thai_Van_Hong_Quan_bai_tap (main)
$ git pull origin main
From https://github.com/thaivanhongquan-25174600009-DHKL19A1HN/25174600009_Thai_Van_Hong_Quan_bai_tap
 * branch            main       -> FETCH_HEAD
Already up to date.

thaiv@LenovoQ MINGW64 ~/OneDrive/Documents/25174600009_Thai_Van_Hong_Quan_bai_tap (main)
$ git checkout -b branch_1
Switched to a new branch 'branch_1'

thaiv@LenovoQ MINGW64 ~/OneDrive/Documents/25174600009_Thai_Van_Hong_Quan_bai_tap (branch_1)
$ echo "Lorem ipsum dolor sit amet, consectetur adipiscing elit." > text_branch_1.txt

thaiv@LenovoQ MINGW64 ~/OneDrive/Documents/25174600009_Thai_Van_Hong_Quan_bai_tap (branch_1)
$ git add text_branch_1.txt
warning: in the working copy of 'text_branch_1.txt', LF will be replaced by CRLF the next time Git touches it

thaiv@LenovoQ MINGW64 ~/OneDrive/Documents/25174600009_Thai_Van_Hong_Quan_bai_tap (branch_1)
$ git commit -m "Add text_branch_1.txt for branch 1
> git push -u origin branch_1
>
>
>
>
>
>
>
>
>
>
> "
[branch_1 ea96fdf] Add text_branch_1.txt for branch 1 git push -u origin branch_1
 1 file changed, 1 insertion(+)
 create mode 100644 text_branch_1.txt

thaiv@LenovoQ MINGW64 ~/OneDrive/Documents/25174600009_Thai_Van_Hong_Quan_bai_tap (branch_1)
$ git push
fatal: The current branch branch_1 has no upstream branch.
To push the current branch and set the remote as upstream, use

    git push --set-upstream origin branch_1

To have this happen automatically for branches without a tracking
upstream, see 'push.autoSetupRemote' in 'git help config'.


thaiv@LenovoQ MINGW64 ~/OneDrive/Documents/25174600009_Thai_Van_Hong_Quan_bai_tap (branch_1)
$ git push --set-upstream origin branch_1
Enumerating objects: 4, done.
Counting objects: 100% (4/4), done.
Delta compression using up to 8 threads
Compressing objects: 100% (3/3), done.
Writing objects: 100% (3/3), 399 bytes | 399.00 KiB/s, done.
Total 3 (delta 0), reused 0 (delta 0), pack-reused 0 (from 0)
remote:
remote: Create a pull request for 'branch_1' on GitHub by visiting:
remote:      https://github.com/thaivanhongquan-25174600009-DHKL19A1HN/25174600009_Thai_Van_Hong_Quan_bai_tap/pull/new/branch_1
remote:
To https://github.com/thaivanhongquan-25174600009-DHKL19A1HN/25174600009_Thai_Van_Hong_Quan_bai_tap.git
 * [new branch]      branch_1 -> branch_1
branch 'branch_1' set up to track 'origin/branch_1'.

thaiv@LenovoQ MINGW64 ~/OneDrive/Documents/25174600009_Thai_Van_Hong_Quan_bai_tap (branch_1)
$

thaiv@LenovoQ MINGW64 ~/OneDrive/Documents/25174600009_Thai_Van_Hong_Quan_bai_tap (branch_1)
$

thaiv@LenovoQ MINGW64 ~/OneDrive/Documents/25174600009_Thai_Van_Hong_Quan_bai_tap (branch_1)
$

thaiv@LenovoQ MINGW64 ~/OneDrive/Documents/25174600009_Thai_Van_Hong_Quan_bai_tap (branch_1)
$

thaiv@LenovoQ MINGW64 ~/OneDrive/Documents/25174600009_Thai_Van_Hong_Quan_bai_tap (branch_1)
$

thaiv@LenovoQ MINGW64 ~/OneDrive/Documents/25174600009_Thai_Van_Hong_Quan_bai_tap (branch_1)
$

thaiv@LenovoQ MINGW64 ~/OneDrive/Documents/25174600009_Thai_Van_Hong_Quan_bai_tap (branch_1)
$

thaiv@LenovoQ MINGW64 ~/OneDrive/Documents/25174600009_Thai_Van_Hong_Quan_bai_tap (branch_1)
$

thaiv@LenovoQ MINGW64 ~/OneDrive/Documents/25174600009_Thai_Van_Hong_Quan_bai_tap (branch_1)
$

thaiv@LenovoQ MINGW64 ~/OneDrive/Documents/25174600009_Thai_Van_Hong_Quan_bai_tap (branch_1)
$

thaiv@LenovoQ MINGW64 ~/OneDrive/Documents/25174600009_Thai_Van_Hong_Quan_bai_tap (branch_1)
$

thaiv@LenovoQ MINGW64 ~/OneDrive/Documents/25174600009_Thai_Van_Hong_Quan_bai_tap (branch_1)
$ git checkout main
Switched to branch 'main'
Your branch is up to date with 'origin/main'.

thaiv@LenovoQ MINGW64 ~/OneDrive/Documents/25174600009_Thai_Van_Hong_Quan_bai_tap (main)
$ git checkout -b branch_2
Switched to a new branch 'branch_2'

thaiv@LenovoQ MINGW64 ~/OneDrive/Documents/25174600009_Thai_Van_Hong_Quan_bai_tap (branch_2)
$ echo "Praesent ullamcorper orci eu erat placerat sodales." > text_branch_2.txt

thaiv@LenovoQ MINGW64 ~/OneDrive/Documents/25174600009_Thai_Van_Hong_Quan_bai_tap (branch_2)
$ git add text_branch_2.txt
warning: in the working copy of 'text_branch_2.txt', LF will be replaced by CRLF the next time Git touches it

thaiv@LenovoQ MINGW64 ~/OneDrive/Documents/25174600009_Thai_Van_Hong_Quan_bai_tap (branch_2)
$ git commit -m "Add text_branch_2.txt for branch 2"
[branch_2 77b58fb] Add text_branch_2.txt for branch 2
 1 file changed, 1 insertion(+)
 create mode 100644 text_branch_2.txt

thaiv@LenovoQ MINGW64 ~/OneDrive/Documents/25174600009_Thai_Van_Hong_Quan_bai_tap (branch_2)
$ git push -u origin branch_2
Enumerating objects: 4, done.
Counting objects: 100% (4/4), done.
Delta compression using up to 8 threads
Compressing objects: 100% (3/3), done.
Writing objects: 100% (3/3), 375 bytes | 375.00 KiB/s, done.
Total 3 (delta 0), reused 0 (delta 0), pack-reused 0 (from 0)
remote:
remote: Create a pull request for 'branch_2' on GitHub by visiting:
remote:      https://github.com/thaivanhongquan-25174600009-DHKL19A1HN/25174600009_Thai_Van_Hong_Quan_bai_tap/pull/new/branch_2
remote:
To https://github.com/thaivanhongquan-25174600009-DHKL19A1HN/25174600009_Thai_Van_Hong_Quan_bai_tap.git
 * [new branch]      branch_2 -> branch_2
branch 'branch_2' set up to track 'origin/branch_2'.

thaiv@LenovoQ MINGW64 ~/OneDrive/Documents/25174600009_Thai_Van_Hong_Quan_bai_tap (branch_2)
$ git checkout main
Switched to branch 'main'
Your branch is up to date with 'origin/main'.

thaiv@LenovoQ MINGW64 ~/OneDrive/Documents/25174600009_Thai_Van_Hong_Quan_bai_tap (main)
$ git checkout -b branch_3
Switched to a new branch 'branch_3'

thaiv@LenovoQ MINGW64 ~/OneDrive/Documents/25174600009_Thai_Van_Hong_Quan_bai_tap (branch_3)
$ echo "Integer sit amet nisi aliquam, tempor libero quis, cursus erat." > text_branch_3.txt

thaiv@LenovoQ MINGW64 ~/OneDrive/Documents/25174600009_Thai_Van_Hong_Quan_bai_tap (branch_3)
$ git add text_branch_3.txt
warning: in the working copy of 'text_branch_3.txt', LF will be replaced by CRLF the next time Git touches it

thaiv@LenovoQ MINGW64 ~/OneDrive/Documents/25174600009_Thai_Van_Hong_Quan_bai_tap (branch_3)
$ git commit -m "Add text_branch_3.txt for branch 3"
[branch_3 ce46395] Add text_branch_3.txt for branch 3
 1 file changed, 1 insertion(+)
 create mode 100644 text_branch_3.txt

thaiv@LenovoQ MINGW64 ~/OneDrive/Documents/25174600009_Thai_Van_Hong_Quan_bai_tap (branch_3)
$ git push -u origin branch_3
Enumerating objects: 4, done.
Counting objects: 100% (4/4), done.
Delta compression using up to 8 threads
Compressing objects: 100% (3/3), done.
Writing objects: 100% (3/3), 385 bytes | 385.00 KiB/s, done.
Total 3 (delta 0), reused 0 (delta 0), pack-reused 0 (from 0)
remote:
remote: Create a pull request for 'branch_3' on GitHub by visiting:
remote:      https://github.com/thaivanhongquan-25174600009-DHKL19A1HN/25174600009_Thai_Van_Hong_Quan_bai_tap/pull/new/branch_3
remote:
To https://github.com/thaivanhongquan-25174600009-DHKL19A1HN/25174600009_Thai_Van_Hong_Quan_bai_tap.git
 * [new branch]      branch_3 -> branch_3
branch 'branch_3' set up to track 'origin/branch_3'.

thaiv@LenovoQ MINGW64 ~/OneDrive/Documents/25174600009_Thai_Van_Hong_Quan_bai_tap (branch_3)
$ git checkout main
Switched to branch 'main'
Your branch is up to date with 'origin/main'.

thaiv@LenovoQ MINGW64 ~/OneDrive/Documents/25174600009_Thai_Van_Hong_Quan_bai_tap (main)
$ git checkout -b branch_4
Switched to a new branch 'branch_4'

thaiv@LenovoQ MINGW64 ~/OneDrive/Documents/25174600009_Thai_Van_Hong_Quan_bai_tap (branch_4)
$ echo "Giảng viên: Lê Hằng Anh. Cras ac mi nec nisi porta ultrices sed non ante." > text_branch_4.txt

thaiv@LenovoQ MINGW64 ~/OneDrive/Documents/25174600009_Thai_Van_Hong_Quan_bai_tap (branch_4)
$ git add text_branch_4.txt
warning: in the working copy of 'text_branch_4.txt', LF will be replaced by CRLF the next time Git touches it

thaiv@LenovoQ MINGW64 ~/OneDrive/Documents/25174600009_Thai_Van_Hong_Quan_bai_tap (branch_4)
$ git commit -m "Add text_branch_4.txt for branch 4"
[branch_4 509064f] Add text_branch_4.txt for branch 4
 1 file changed, 1 insertion(+)
 create mode 100644 text_branch_4.txt

thaiv@LenovoQ MINGW64 ~/OneDrive/Documents/25174600009_Thai_Van_Hong_Quan_bai_tap (branch_4)
$ git push -u origin branch_4
Enumerating objects: 4, done.
Counting objects: 100% (4/4), done.
Delta compression using up to 8 threads
Compressing objects: 100% (3/3), done.
Writing objects: 100% (3/3), 408 bytes | 408.00 KiB/s, done.
Total 3 (delta 0), reused 0 (delta 0), pack-reused 0 (from 0)
remote:
remote: Create a pull request for 'branch_4' on GitHub by visiting:
remote:      https://github.com/thaivanhongquan-25174600009-DHKL19A1HN/25174600009_Thai_Van_Hong_Quan_bai_tap/pull/new/branch_4
remote:
To https://github.com/thaivanhongquan-25174600009-DHKL19A1HN/25174600009_Thai_Van_Hong_Quan_bai_tap.git
 * [new branch]      branch_4 -> branch_4
branch 'branch_4' set up to track 'origin/branch_4'.

thaiv@LenovoQ MINGW64 ~/OneDrive/Documents/25174600009_Thai_Van_Hong_Quan_bai_tap (branch_4)
$ git checkout main
Switched to branch 'main'
Your branch is up to date with 'origin/main'.

thaiv@LenovoQ MINGW64 ~/OneDrive/Documents/25174600009_Thai_Van_Hong_Quan_bai_tap (main)
$ git branch -d branch_4
warning: deleting branch 'branch_4' that has been merged to
         'refs/remotes/origin/branch_4', but not yet merged to HEAD
Deleted branch branch_4 (was 509064f).

thaiv@LenovoQ MINGW64 ~/OneDrive/Documents/25174600009_Thai_Van_Hong_Quan_bai_tap (main)
$ git branch -D branch_4
error: branch 'branch_4' not found

thaiv@LenovoQ MINGW64 ~/OneDrive/Documents/25174600009_Thai_Van_Hong_Quan_bai_tap (main)
$ git branch
  branch_1
  branch_2
  branch_3
* main

thaiv@LenovoQ MINGW64 ~/OneDrive/Documents/25174600009_Thai_Van_Hong_Quan_bai_tap (main)
$ git push origin --delete branch_4
To https://github.com/thaivanhongquan-25174600009-DHKL19A1HN/25174600009_Thai_Van_Hong_Quan_bai_tap.git
 - [deleted]         branch_4

thaiv@LenovoQ MINGW64 ~/OneDrive/Documents/25174600009_Thai_Van_Hong_Quan_bai_tap (main)
$ git branch -r
  origin/HEAD -> origin/main
  origin/branch_1
  origin/branch_2
  origin/branch_3
  origin/main

thaiv@LenovoQ MINGW64 ~/OneDrive/Documents/25174600009_Thai_Van_Hong_Quan_bai_tap (main)
$ git branch -a
  branch_1
  branch_2
  branch_3
* main
  remotes/origin/HEAD -> origin/main
































































Merge made by the 'ort' strategy.
 main_folder/main_txt_1.txt | 1 +
 main_folder/main_txt_2.txt | 1 +
 main_folder/main_txt_3.txt | 1 +
 3 files changed, 3 insertions(+)
 create mode 100644 main_folder/main_txt_1.txt
 create mode 100644 main_folder/main_txt_2.txt
 create mode 100644 main_folder/main_txt_3.txt

thaiv@LenovoQ MINGW64 ~/OneDrive/Documents/25174600009_Thai_Van_Hong_Quan_bai_tap (branch_1)
$

thaiv@LenovoQ MINGW64 ~/OneDrive/Documents/25174600009_Thai_Van_Hong_Quan_bai_tap (branch_1)
$

thaiv@LenovoQ MINGW64 ~/OneDrive/Documents/25174600009_Thai_Van_Hong_Quan_bai_tap (branch_1)
$

thaiv@LenovoQ MINGW64 ~/OneDrive/Documents/25174600009_Thai_Van_Hong_Quan_bai_tap (branch_1)
$

thaiv@LenovoQ MINGW64 ~/OneDrive/Documents/25174600009_Thai_Van_Hong_Quan_bai_tap (branch_1)
$

thaiv@LenovoQ MINGW64 ~/OneDrive/Documents/25174600009_Thai_Van_Hong_Quan_bai_tap (branch_1)
$

thaiv@LenovoQ MINGW64 ~/OneDrive/Documents/25174600009_Thai_Van_Hong_Quan_bai_tap (branch_1)
$

thaiv@LenovoQ MINGW64 ~/OneDrive/Documents/25174600009_Thai_Van_Hong_Quan_bai_tap (branch_1)
$

thaiv@LenovoQ MINGW64 ~/OneDrive/Documents/25174600009_Thai_Van_Hong_Quan_bai_tap (branch_1)
$

thaiv@LenovoQ MINGW64 ~/OneDrive/Documents/25174600009_Thai_Van_Hong_Quan_bai_tap (branch_1)
$ git push origin branch_1
Enumerating objects: 4, done.
Counting objects: 100% (4/4), done.
Delta compression using up to 8 threads
Compressing objects: 100% (2/2), done.
Writing objects: 100% (2/2), 388 bytes | 388.00 KiB/s, done.
Total 2 (delta 0), reused 0 (delta 0), pack-reused 0 (from 0)
To https://github.com/thaivanhongquan-25174600009-DHKL19A1HN/25174600009_Thai_Van_Hong_Quan_bai_tap.git
   ea96fdf..35a6357  branch_1 -> branch_1

thaiv@LenovoQ MINGW64 ~/OneDrive/Documents/25174600009_Thai_Van_Hong_Quan_bai_tap (branch_1)
$ git checkout branch_2
Deletion of directory 'main_folder' failed. Should I try again? (y/n) y
Deletion of directory 'main_folder' failed. Should I try again? (y/n) n
Switched to branch 'branch_2'
Your branch is up to date with 'origin/branch_2'.

thaiv@LenovoQ MINGW64 ~/OneDrive/Documents/25174600009_Thai_Van_Hong_Quan_bai_tap (branch_2)
$ git checkout branch_2
Already on 'branch_2'
Your branch is up to date with 'origin/branch_2'.

thaiv@LenovoQ MINGW64 ~/OneDrive/Documents/25174600009_Thai_Van_Hong_Quan_bai_tap (branch_2)
$ git merge main --no-edit
Merge made by the 'ort' strategy.
 main_folder/main_txt_1.txt | 1 +
 main_folder/main_txt_2.txt | 1 +
 main_folder/main_txt_3.txt | 1 +
 3 files changed, 3 insertions(+)
 create mode 100644 main_folder/main_txt_1.txt
 create mode 100644 main_folder/main_txt_2.txt
 create mode 100644 main_folder/main_txt_3.txt

thaiv@LenovoQ MINGW64 ~/OneDrive/Documents/25174600009_Thai_Van_Hong_Quan_bai_tap (branch_2)
$ git push origin branch_2
Enumerating objects: 4, done.
Counting objects: 100% (4/4), done.
Delta compression using up to 8 threads
Compressing objects: 100% (2/2), done.
Writing objects: 100% (2/2), 383 bytes | 191.00 KiB/s, done.
Total 2 (delta 0), reused 0 (delta 0), pack-reused 0 (from 0)
To https://github.com/thaivanhongquan-25174600009-DHKL19A1HN/25174600009_Thai_Van_Hong_Quan_bai_tap.git
   77b58fb..8a50b26  branch_2 -> branch_2

thaiv@LenovoQ MINGW64 ~/OneDrive/Documents/25174600009_Thai_Van_Hong_Quan_bai_tap (branch_2)
$ git checkout branch_3
Deletion of directory 'main_folder' failed. Should I try again? (y/n) n
Switched to branch 'branch_3'
Your branch is up to date with 'origin/branch_3'.

thaiv@LenovoQ MINGW64 ~/OneDrive/Documents/25174600009_Thai_Van_Hong_Quan_bai_tap (branch_3)
$ git checkout branch_3
Already on 'branch_3'
Your branch is up to date with 'origin/branch_3'.

thaiv@LenovoQ MINGW64 ~/OneDrive/Documents/25174600009_Thai_Van_Hong_Quan_bai_tap (branch_3)
$ git merge main --no-edit
Merge made by the 'ort' strategy.
 main_folder/main_txt_1.txt | 1 +
 main_folder/main_txt_2.txt | 1 +
 main_folder/main_txt_3.txt | 1 +
 3 files changed, 3 insertions(+)
 create mode 100644 main_folder/main_txt_1.txt
 create mode 100644 main_folder/main_txt_2.txt
 create mode 100644 main_folder/main_txt_3.txt

thaiv@LenovoQ MINGW64 ~/OneDrive/Documents/25174600009_Thai_Van_Hong_Quan_bai_tap (branch_3)
$ git push origin branch_3
Enumerating objects: 4, done.
Counting objects: 100% (4/4), done.
Delta compression using up to 8 threads
Compressing objects: 100% (2/2), done.
Writing objects: 100% (2/2), 383 bytes | 383.00 KiB/s, done.
Total 2 (delta 0), reused 0 (delta 0), pack-reused 0 (from 0)
To https://github.com/thaivanhongquan-25174600009-DHKL19A1HN/25174600009_Thai_Van_Hong_Quan_bai_tap.git
   ce46395..98397c2  branch_3 -> branch_3

thaiv@LenovoQ MINGW64 ~/OneDrive/Documents/25174600009_Thai_Van_Hong_Quan_bai_tap (branch_3)
$ git checkout main
Switched to branch 'main'
Your branch is up to date with 'origin/main'.

thaiv@LenovoQ MINGW64 ~/OneDrive/Documents/25174600009_Thai_Van_Hong_Quan_bai_tap (main)
$ git checkout branch_1
Switched to branch 'branch_1'
Your branch is up to date with 'origin/branch_1'.

thaiv@LenovoQ MINGW64 ~/OneDrive/Documents/25174600009_Thai_Van_Hong_Quan_bai_tap (branch_1)
$ git checkout -b branch_5
Switched to a new branch 'branch_5'

thaiv@LenovoQ MINGW64 ~/OneDrive/Documents/25174600009_Thai_Van_Hong_Quan_bai_tap (branch_5)
$ git add .

thaiv@LenovoQ MINGW64 ~/OneDrive/Documents/25174600009_Thai_Van_Hong_Quan_bai_tap (branch_5)
$ git commit -m "Update content for branch 5"
[branch_5 c8f4e5b] Update content for branch 5
 1 file changed, 1 insertion(+), 1 deletion(-)

thaiv@LenovoQ MINGW64 ~/OneDrive/Documents/25174600009_Thai_Van_Hong_Quan_bai_tap (branch_5)
$ it push -u origin branch_5
bash: it: command not found

thaiv@LenovoQ MINGW64 ~/OneDrive/Documents/25174600009_Thai_Van_Hong_Quan_bai_tap (branch_5)
$ git checkout branch_1
Switched to branch 'branch_1'
Your branch is up to date with 'origin/branch_1'.

thaiv@LenovoQ MINGW64 ~/OneDrive/Documents/25174600009_Thai_Van_Hong_Quan_bai_tap (branch_1)
$ git checkout branch_5
Switched to branch 'branch_5'

thaiv@LenovoQ MINGW64 ~/OneDrive/Documents/25174600009_Thai_Van_Hong_Quan_bai_tap (branch_5)
$ git push -u origin branch_5
Enumerating objects: 5, done.
Counting objects: 100% (5/5), done.
Delta compression using up to 8 threads
Compressing objects: 100% (3/3), done.
Writing objects: 100% (3/3), 664 bytes | 664.00 KiB/s, done.
Total 3 (delta 1), reused 0 (delta 0), pack-reused 0 (from 0)
remote: Resolving deltas: 100% (1/1), completed with 1 local object.
remote:
remote: Create a pull request for 'branch_5' on GitHub by visiting:
remote:      https://github.com/thaivanhongquan-25174600009-DHKL19A1HN/25174600009_Thai_Van_Hong_Quan_bai_tap/pull/new/branch_5
remote:
To https://github.com/thaivanhongquan-25174600009-DHKL19A1HN/25174600009_Thai_Van_Hong_Quan_bai_tap.git
 * [new branch]      branch_5 -> branch_5
branch 'branch_5' set up to track 'origin/branch_5'.

thaiv@LenovoQ MINGW64 ~/OneDrive/Documents/25174600009_Thai_Van_Hong_Quan_bai_tap (branch_5)
$ git checkout branch_1
Switched to branch 'branch_1'
Your branch is up to date with 'origin/branch_1'.

thaiv@LenovoQ MINGW64 ~/OneDrive/Documents/25174600009_Thai_Van_Hong_Quan_bai_tap (branch_1)
$ echo "This line is added to branch 1 before merging branch 5." >> text_branch_1.txt

thaiv@LenovoQ MINGW64 ~/OneDrive/Documents/25174600009_Thai_Van_Hong_Quan_bai_tap (branch_1)
$ git add .
warning: in the working copy of 'text_branch_1.txt', LF will be replaced by CRLF the next time Git touches it

thaiv@LenovoQ MINGW64 ~/OneDrive/Documents/25174600009_Thai_Van_Hong_Quan_bai_tap (branch_1)
$ git commit -m "Small change on branch 1 to cause a conflict with branch 5"
[branch_1 730543d] Small change on branch 1 to cause a conflict with branch 5
 1 file changed, 1 insertion(+)

thaiv@LenovoQ MINGW64 ~/OneDrive/Documents/25174600009_Thai_Van_Hong_Quan_bai_tap (branch_1)
$ git push origin branch_1
Enumerating objects: 5, done.
Counting objects: 100% (5/5), done.
Delta compression using up to 8 threads
Compressing objects: 100% (3/3), done.
Writing objects: 100% (3/3), 397 bytes | 397.00 KiB/s, done.
Total 3 (delta 1), reused 0 (delta 0), pack-reused 0 (from 0)
remote: Resolving deltas: 100% (1/1), completed with 1 local object.
To https://github.com/thaivanhongquan-25174600009-DHKL19A1HN/25174600009_Thai_Van_Hong_Quan_bai_tap.git
   35a6357..730543d  branch_1 -> branch_1

thaiv@LenovoQ MINGW64 ~/OneDrive/Documents/25174600009_Thai_Van_Hong_Quan_bai_tap (branch_1)
$ git checkout branch_1
Already on 'branch_1'
Your branch is up to date with 'origin/branch_1'.

thaiv@LenovoQ MINGW64 ~/OneDrive/Documents/25174600009_Thai_Van_Hong_Quan_bai_tap (branch_1)
$ git pull origin branch_1
remote: Enumerating objects: 8, done.
remote: Counting objects: 100% (8/8), done.
remote: Compressing objects: 100% (4/4), done.
remote: Total 4 (delta 2), reused 0 (delta 0), pack-reused 0 (from 0)
Unpacking objects: 100% (4/4), 1.88 KiB | 147.00 KiB/s, done.
From https://github.com/thaivanhongquan-25174600009-DHKL19A1HN/25174600009_Thai_Van_Hong_Quan_bai_tap
 * branch            branch_1   -> FETCH_HEAD
   730543d..06bb364  branch_1   -> origin/branch_1
Updating 730543d..06bb364
Fast-forward
 text_branch_1.txt | 7 +++++--
 1 file changed, 5 insertions(+), 2 deletions(-)

thaiv@LenovoQ MINGW64 ~/OneDrive/Documents/25174600009_Thai_Van_Hong_Quan_bai_tap (branch_1)
$ git branch -d branch_5
Deleted branch branch_5 (was c8f4e5b).

thaiv@LenovoQ MINGW64 ~/OneDrive/Documents/25174600009_Thai_Van_Hong_Quan_bai_tap (branch_1)
$ git checkout main
Switched to branch 'main'
Your branch is up to date with 'origin/main'.

thaiv@LenovoQ MINGW64 ~/OneDrive/Documents/25174600009_Thai_Van_Hong_Quan_bai_tap (main)
$ git checkout main
Already on 'main'
Your branch is up to date with 'origin/main'.

thaiv@LenovoQ MINGW64 ~/OneDrive/Documents/25174600009_Thai_Van_Hong_Quan_bai_tap (main)
$ git merge branch_1 --no-edit
Updating 5be44a6..06bb364
Fast-forward
 text_branch_1.txt | 5 +++++
 1 file changed, 5 insertions(+)
 create mode 100644 text_branch_1.txt

thaiv@LenovoQ MINGW64 ~/OneDrive/Documents/25174600009_Thai_Van_Hong_Quan_bai_tap (main)
$ git push origin main
Total 0 (delta 0), reused 0 (delta 0), pack-reused 0 (from 0)
To https://github.com/thaivanhongquan-25174600009-DHKL19A1HN/25174600009_Thai_Van_Hong_Quan_bai_tap.git
   5be44a6..06bb364  main -> main

thaiv@LenovoQ MINGW64 ~/OneDrive/Documents/25174600009_Thai_Van_Hong_Quan_bai_tap (main)
$ git merge branch_2 --no-edit
Merge made by the 'ort' strategy.
 text_branch_2.txt | 1 +
 1 file changed, 1 insertion(+)
 create mode 100644 text_branch_2.txt

thaiv@LenovoQ MINGW64 ~/OneDrive/Documents/25174600009_Thai_Van_Hong_Quan_bai_tap (main)
$ git push origin main
Enumerating objects: 4, done.
Counting objects: 100% (4/4), done.
Delta compression using up to 8 threads
Compressing objects: 100% (2/2), done.
Writing objects: 100% (2/2), 329 bytes | 329.00 KiB/s, done.
Total 2 (delta 1), reused 0 (delta 0), pack-reused 0 (from 0)
remote: Resolving deltas: 100% (1/1), completed with 1 local object.
To https://github.com/thaivanhongquan-25174600009-DHKL19A1HN/25174600009_Thai_Van_Hong_Quan_bai_tap.git
   06bb364..811bd01  main -> main

thaiv@LenovoQ MINGW64 ~/OneDrive/Documents/25174600009_Thai_Van_Hong_Quan_bai_tap (main)
$ git merge branch_3 --no-edit
Merge made by the 'ort' strategy.
 text_branch_3.txt | 1 +
 1 file changed, 1 insertion(+)
 create mode 100644 text_branch_3.txt

thaiv@LenovoQ MINGW64 ~/OneDrive/Documents/25174600009_Thai_Van_Hong_Quan_bai_tap (main)
$ git push origin main
Enumerating objects: 4, done.
Counting objects: 100% (4/4), done.
Delta compression using up to 8 threads
Compressing objects: 100% (2/2), done.
Writing objects: 100% (2/2), 331 bytes | 331.00 KiB/s, done.
Total 2 (delta 1), reused 0 (delta 0), pack-reused 0 (from 0)
remote: Resolving deltas: 100% (1/1), completed with 1 local object.
To https://github.com/thaivanhongquan-25174600009-DHKL19A1HN/25174600009_Thai_Van_Hong_Quan_bai_tap.git
   811bd01..ad7fe2e  main -> main

thaiv@LenovoQ MINGW64 ~/OneDrive/Documents/25174600009_Thai_Van_Hong_Quan_bai_tap (main)
$ git push origin --delete branch_2
To https://github.com/thaivanhongquan-25174600009-DHKL19A1HN/25174600009_Thai_Van_Hong_Quan_bai_tap.git
 - [deleted]         branch_2

thaiv@LenovoQ MINGW64 ~/OneDrive/Documents/25174600009_Thai_Van_Hong_Quan_bai_tap (main)
$ git push origin --delete branch_3
To https://github.com/thaivanhongquan-25174600009-DHKL19A1HN/25174600009_Thai_Van_Hong_Quan_bai_tap.git
 - [deleted]         branch_3

thaiv@LenovoQ MINGW64 ~/OneDrive/Documents/25174600009_Thai_Van_Hong_Quan_bai_tap (main)
$ git branch -d branch_2
Deleted branch branch_2 (was 8a50b26).

thaiv@LenovoQ MINGW64 ~/OneDrive/Documents/25174600009_Thai_Van_Hong_Quan_bai_tap (main)
$ git branch -d branch_3
Deleted branch branch_3 (was 98397c2).

thaiv@LenovoQ MINGW64 ~/OneDrive/Documents/25174600009_Thai_Van_Hong_Quan_bai_tap (main)
$ git checkout branch_1
Switched to branch 'branch_1'
Your branch is up to date with 'origin/branch_1'.

thaiv@LenovoQ MINGW64 ~/OneDrive/Documents/25174600009_Thai_Van_Hong_Quan_bai_tap (branch_1)
$ git merge main --no-edit
Updating 06bb364..ad7fe2e
Fast-forward
 text_branch_2.txt | 1 +
 text_branch_3.txt | 1 +
 2 files changed, 2 insertions(+)
 create mode 100644 text_branch_2.txt
 create mode 100644 text_branch_3.txt

thaiv@LenovoQ MINGW64 ~/OneDrive/Documents/25174600009_Thai_Van_Hong_Quan_bai_tap (branch_1)
$ git push origin branch_1
Total 0 (delta 0), reused 0 (delta 0), pack-reused 0 (from 0)
To https://github.com/thaivanhongquan-25174600009-DHKL19A1HN/25174600009_Thai_Van_Hong_Quan_bai_tap.git
   06bb364..ad7fe2e  branch_1 -> branch_1

thaiv@LenovoQ MINGW64 ~/OneDrive/Documents/25174600009_Thai_Van_Hong_Quan_bai_tap (branch_1)
$ git checkout main
Switched to branch 'main'
Your branch is up to date with 'origin/main'.

thaiv@LenovoQ MINGW64 ~/OneDrive/Documents/25174600009_Thai_Van_Hong_Quan_bai_tap (main)
$
